2026-06-12 14:07:52,046 [INFO] Activator:176 - 


2026-06-12 14:07:52,051 [INFO] Activator:177 - !SESSION log4j initialized
2026-06-12 14:07:57,416 [INFO] LogOutputStream:77 - [STDOUT_REDIRECT] 
2026-06-12 14:07:58,629 [INFO] ApplicationProperties:184 - Using Application install path: C:\ST\STM32CubeIDE_1.19.0\STM32CubeIDE\plugins\com.st.stm32cube.common.mx_6.15.0.202507011659
2026-06-12 14:07:58,648 [INFO] DbMcusXml:78 - Set database path to: C:\ST\STM32CubeIDE_1.19.0\STM32CubeIDE\plugins\com.st.stm32cube.common.mx_6.15.0.202507011659\\db\/mcu/
2026-06-12 14:07:58,648 [INFO] ApiDb:274 - Set plugin database path to: C:\ST\STM32CubeIDE_1.19.0\STM32CubeIDE\plugins\com.st.stm32cube.common.mx_6.15.0.202507011659\\db\/plugins/boardmanager/
2026-06-12 14:07:58,649 [WARN] ApiDb:259 - Overriding images path with different value:  => C:\ST\STM32CubeIDE_1.19.0\STM32CubeIDE\plugins\com.st.stm32cube.common.mx_6.15.0.202507011659\\db\/plugins/mcufinder/images/
2026-06-12 14:07:58,658 [INFO] ApiDb:250 - Set database path to: C:\Users\Rudra\.stmcufinder\plugins\mcufinder//mcu/
2026-06-12 14:07:58,660 [INFO] DbMcusAds:125 - Set database path to: C:\Users\Rudra\.stmcufinder\plugins\mcufinder//mcu/
2026-06-12 14:07:58,662 [INFO] CrossReferenceDbSqlite:203 - Set database path to: C:\Users\Rudra\.stmcufinder\plugins\mcufinder//mcu/cs/
2026-06-12 14:07:58,757 [INFO] RulesReader:64 - Compatibility file has been processed (317 Rules)
2026-06-12 14:07:58,844 [INFO] DbMcusXml:78 - Set database path to: C:\ST\STM32CubeIDE_1.19.0\STM32CubeIDE\plugins\com.st.stm32cube.common.mx_6.15.0.202507011659\\db\/mcu/
2026-06-12 14:07:58,844 [INFO] ApiDb:274 - Set plugin database path to: C:\ST\STM32CubeIDE_1.19.0\STM32CubeIDE\plugins\com.st.stm32cube.common.mx_6.15.0.202507011659\\db\/plugins/boardmanager/
2026-06-12 14:07:58,845 [INFO] ApiDb:261 - Set plugin images path to: C:\ST\STM32CubeIDE_1.19.0\STM32CubeIDE\plugins\com.st.stm32cube.common.mx_6.15.0.202507011659\\db\/plugins/mcufinder/images/
2026-06-12 14:07:58,845 [WARN] DbFile:41 - Overriding database path with different value: C:\Users\Rudra\.stmcufinder\plugins\mcufinder/ => C:\Users\Rudra\.stmcufinder\plugins\mcufinder
2026-06-12 14:07:58,845 [INFO] ApiDb:250 - Set database path to: C:\Users\Rudra\.stmcufinder\plugins\mcufinder//mcu/
2026-06-12 14:07:58,845 [WARN] DbFile:41 - Overriding database path with different value: C:\Users\Rudra\.stmcufinder\plugins\mcufinder/ => C:\Users\Rudra\.stmcufinder\plugins\mcufinder
2026-06-12 14:07:58,845 [INFO] DbMcusAds:125 - Set database path to: C:\Users\Rudra\.stmcufinder\plugins\mcufinder//mcu/
2026-06-12 14:07:58,845 [WARN] DbFile:41 - Overriding database path with different value: C:\Users\Rudra\.stmcufinder\plugins\mcufinder/ => C:\Users\Rudra\.stmcufinder\plugins\mcufinder
2026-06-12 14:07:58,845 [WARN] DbFile:41 - Overriding database path with different value: C:\Users\Rudra\.stmcufinder\plugins\mcufinder/ => C:\Users\Rudra\.stmcufinder\plugins\mcufinder
2026-06-12 14:07:58,845 [INFO] CrossReferenceDbSqlite:203 - Set database path to: C:\Users\Rudra\.stmcufinder\plugins\mcufinder//mcu/cs/
2026-06-12 14:07:58,920 [INFO] MainPanel:274 - HeapMemory: 268435456
2026-06-12 14:07:59,034 [INFO] DbMcusXml:78 - Set database path to: C:\ST\STM32CubeIDE_1.19.0\STM32CubeIDE\plugins\com.st.stm32cube.common.mx_6.15.0.202507011659\\db\/mcu/
2026-06-12 14:07:59,034 [INFO] ApiDb:274 - Set plugin database path to: C:\ST\STM32CubeIDE_1.19.0\STM32CubeIDE\plugins\com.st.stm32cube.common.mx_6.15.0.202507011659\\db\/plugins/boardmanager/
2026-06-12 14:07:59,034 [INFO] ApiDb:261 - Set plugin images path to: C:\ST\STM32CubeIDE_1.19.0\STM32CubeIDE\plugins\com.st.stm32cube.common.mx_6.15.0.202507011659\\db\/plugins/mcufinder/images/
2026-06-12 14:07:59,034 [WARN] DbFile:41 - Overriding database path with different value: C:\Users\Rudra\.stmcufinder\plugins\mcufinder/ => C:\Users\Rudra\.stmcufinder\plugins\mcufinder
2026-06-12 14:07:59,034 [INFO] ApiDb:250 - Set database path to: C:\Users\Rudra\.stmcufinder\plugins\mcufinder//mcu/
2026-06-12 14:07:59,034 [WARN] DbFile:41 - Overriding database path with different value: C:\Users\Rudra\.stmcufinder\plugins\mcufinder/ => C:\Users\Rudra\.stmcufinder\plugins\mcufinder
2026-06-12 14:07:59,034 [INFO] DbMcusAds:125 - Set database path to: C:\Users\Rudra\.stmcufinder\plugins\mcufinder//mcu/
2026-06-12 14:07:59,034 [WARN] DbFile:41 - Overriding database path with different value: C:\Users\Rudra\.stmcufinder\plugins\mcufinder/ => C:\Users\Rudra\.stmcufinder\plugins\mcufinder
2026-06-12 14:07:59,034 [WARN] DbFile:41 - Overriding database path with different value: C:\Users\Rudra\.stmcufinder\plugins\mcufinder/ => C:\Users\Rudra\.stmcufinder\plugins\mcufinder
2026-06-12 14:07:59,034 [INFO] CrossReferenceDbSqlite:203 - Set database path to: C:\Users\Rudra\.stmcufinder\plugins\mcufinder//mcu/cs/
2026-06-12 14:07:59,052 [INFO] ApplicationProperties:184 - Using Application install path: C:\ST\STM32CubeIDE_1.19.0\STM32CubeIDE\plugins\com.st.stm32cube.common.mx_6.15.0.202507011659
2026-06-12 14:07:59,053 [INFO] PluginManage:196 - Search for loadable plugins [exclusion list=, ]
2026-06-12 14:07:59,056 [INFO] PluginManage:310 - Check plugin analytics
2026-06-12 14:07:59,231 [INFO] AnalyticsPlugin:253 - Accepted Software Licenses: STM32CubeMX.6.17.0
2026-06-12 14:07:59,231 [INFO] AnalyticsPlugin:255 - Accepted CMSIS Pack Licenses: 
2026-06-12 14:07:59,231 [INFO] AnalyticsPlugin:257 - Accepted Firmware Licenses: FW.F4.1.28.0
2026-06-12 14:07:59,235 [INFO] PluginManage:359 - Loaded plugin analytics (category:tool,tabindex:-1)
2026-06-12 14:07:59,235 [INFO] PluginManage:310 - Check plugin cadmodel
2026-06-12 14:07:59,242 [INFO] CADModel:105 - Init CAD model plugin
2026-06-12 14:07:59,242 [INFO] PluginManage:359 - Loaded plugin cadmodel (category:power,tabindex:5)
2026-06-12 14:07:59,242 [INFO] PluginManage:310 - Check plugin clock
2026-06-12 14:07:59,252 [INFO] PluginManage:359 - Loaded plugin clock (category:base,tabindex:2)
2026-06-12 14:07:59,252 [INFO] PluginManage:310 - Check plugin ddr
2026-06-12 14:07:59,254 [INFO] PluginManage:359 - Loaded plugin ddr (category:tool,tabindex:6)
2026-06-12 14:07:59,255 [INFO] PluginManage:310 - Check plugin filemanager
2026-06-12 14:07:59,396 [INFO] PluginManage:359 - Loaded plugin filemanager (category:base,tabindex:10)
2026-06-12 14:07:59,396 [INFO] PluginManage:310 - Check plugin ipmanager
2026-06-12 14:07:59,404 [INFO] PluginManage:359 - Loaded plugin ipmanager (category:base,tabindex:5)
2026-06-12 14:07:59,405 [INFO] PluginManage:310 - Check plugin lpbam
2026-06-12 14:07:59,411 [INFO] PluginManage:359 - Loaded plugin lpbam (category:base,tabindex:0)
2026-06-12 14:07:59,411 [INFO] PluginManage:310 - Check plugin memorymap
2026-06-12 14:07:59,428 [INFO] PluginManage:359 - Loaded plugin memorymap (category:base,tabindex:4)
2026-06-12 14:07:59,428 [INFO] PluginManage:310 - Check plugin pinoutandconfiguration
2026-06-12 14:07:59,437 [INFO] PluginManage:359 - Loaded plugin pinoutandconfiguration (category:base,tabindex:1)
2026-06-12 14:07:59,437 [INFO] PluginManage:310 - Check plugin pinoutconfig
2026-06-12 14:07:59,512 [WARN] SupportedApi:132 - Cannot load RTOS API schema: s4s-elt-must-match.1: The content of 'definitions' must match (annotation?, (simpleType | complexType)?, (unique | key | keyref)*)). A problem was found starting at: attribute.
2026-06-12 14:07:59,635 [INFO] PluginManage:359 - Loaded plugin pinoutconfig (category:base,tabindex:0)
2026-06-12 14:07:59,635 [INFO] PluginManage:310 - Check plugin power
2026-06-12 14:07:59,643 [INFO] PluginManage:359 - Loaded plugin power (category:power,tabindex:4)
2026-06-12 14:07:59,643 [INFO] PluginManage:310 - Check plugin projectmanager
2026-06-12 14:07:59,657 [INFO] PluginManage:359 - Loaded plugin projectmanager (category:projectmanager,tabindex:4)
2026-06-12 14:07:59,657 [INFO] PluginManage:310 - Check plugin rif
2026-06-12 14:07:59,668 [INFO] PluginManage:359 - Loaded plugin rif (category:base,tabindex:3)
2026-06-12 14:07:59,669 [INFO] PluginManage:310 - Check plugin thirdparty
2026-06-12 14:07:59,812 [INFO] PluginManage:359 - Loaded plugin thirdparty (category:base,tabindex:-1)
2026-06-12 14:07:59,812 [WARN] IntegrityCheckThread:84 - waiting for thirdparty lock release [integrity check]
2026-06-12 14:07:59,812 [INFO] PluginManage:310 - Check plugin tools
2026-06-12 14:07:59,812 [INFO] IntegrityCheckThread:86 - entering critical section [integrity check]
2026-06-12 14:07:59,812 [INFO] ThirdPartyUpdaterWithRetryManager:70 - Updater plugin not ready yet. [1/15]
2026-06-12 14:07:59,814 [INFO] PluginManage:359 - Loaded plugin tools (category:base,tabindex:7)
2026-06-12 14:07:59,815 [INFO] PluginManage:310 - Check plugin tutovideos
2026-06-12 14:08:00,016 [INFO] PluginManage:359 - Loaded plugin tutovideos (category:base,tabindex:-1)
2026-06-12 14:08:00,016 [INFO] PluginManage:310 - Check plugin updater
2026-06-12 14:08:00,038 [INFO] PluginManage:359 - Loaded plugin updater (category:base,tabindex:12)
2026-06-12 14:08:00,038 [INFO] PluginManage:310 - Check plugin userauth
2026-06-12 14:08:00,043 [INFO] UserAuth:118 - Init User Auth plugin
2026-06-12 14:08:00,044 [INFO] PluginManage:359 - Loaded plugin userauth (category:base,tabindex:14)
2026-06-12 14:08:00,044 [INFO] PluginManage:283 - PluginManage : Loaded plugins [18]
2026-06-12 14:08:00,244 [INFO] PinOutPanel:1589 - setPackage(No Configuration,No Configuration)
2026-06-12 14:08:00,316 [INFO] CADModel:165 - CPN selected for project level
2026-06-12 14:08:00,317 [INFO] CADModel:114 - Register for checkConnection events
2026-06-12 14:08:00,334 [INFO] IPUIPlugin:80 - create IPUIPlugin
2026-06-12 14:08:00,334 [INFO] PluginManager:220 - loadIPPluginJar : add adc
2026-06-12 14:08:00,337 [INFO] IPUIPlugin:80 - create IPUIPlugin
2026-06-12 14:08:00,337 [INFO] PluginManager:220 - loadIPPluginJar : add aes
2026-06-12 14:08:00,340 [INFO] IPUIPlugin:80 - create IPUIPlugin
2026-06-12 14:08:00,341 [INFO] PluginManager:220 - loadIPPluginJar : add can
2026-06-12 14:08:00,342 [INFO] IPUIPlugin:80 - create IPUIPlugin
2026-06-12 14:08:00,342 [INFO] PluginManager:220 - loadIPPluginJar : add comp
2026-06-12 14:08:00,344 [INFO] IPUIPlugin:80 - create IPUIPlugin
2026-06-12 14:08:00,344 [INFO] PluginManager:220 - loadIPPluginJar : add cryp
2026-06-12 14:08:00,348 [INFO] IPUIPlugin:80 - create IPUIPlugin
2026-06-12 14:08:00,348 [INFO] PluginManager:220 - loadIPPluginJar : add ddr_ctrl_phy
2026-06-12 14:08:00,350 [INFO] IPUIPlugin:80 - create IPUIPlugin
2026-06-12 14:08:00,350 [INFO] PluginManager:220 - loadIPPluginJar : add dfsdm
2026-06-12 14:08:00,355 [INFO] IPUIPlugin:80 - create IPUIPlugin
2026-06-12 14:08:00,355 [INFO] PluginManager:220 - loadIPPluginJar : add dma
2026-06-12 14:08:00,357 [INFO] IPUIPlugin:80 - create IPUIPlugin
2026-06-12 14:08:00,357 [INFO] PluginManager:220 - loadIPPluginJar : add dma3
2026-06-12 14:08:00,360 [INFO] IPUIPlugin:80 - create IPUIPlugin
2026-06-12 14:08:00,360 [INFO] PluginManager:220 - loadIPPluginJar : add extmemmanager
2026-06-12 14:08:00,361 [INFO] IPUIPlugin:80 - create IPUIPlugin
2026-06-12 14:08:00,362 [INFO] PluginManager:220 - loadIPPluginJar : add fatfs
2026-06-12 14:08:00,365 [INFO] IPUIPlugin:80 - create IPUIPlugin
2026-06-12 14:08:00,365 [INFO] PluginManager:220 - loadIPPluginJar : add fmc
2026-06-12 14:08:00,372 [INFO] IPUIPlugin:80 - create IPUIPlugin
2026-06-12 14:08:00,373 [INFO] PluginManager:220 - loadIPPluginJar : add freertos
2026-06-12 14:08:00,373 [INFO] IPUIPlugin:80 - create IPUIPlugin
2026-06-12 14:08:00,374 [INFO] PluginManager:220 - loadIPPluginJar : add genericplugin
2026-06-12 14:08:00,376 [INFO] IPUIPlugin:80 - create IPUIPlugin
2026-06-12 14:08:00,376 [INFO] PluginManager:220 - loadIPPluginJar : add gfxmmu
2026-06-12 14:08:00,380 [INFO] IPUIPlugin:80 - create IPUIPlugin
2026-06-12 14:08:00,380 [INFO] PluginManager:220 - loadIPPluginJar : add gic
2026-06-12 14:08:00,384 [INFO] IPUIPlugin:80 - create IPUIPlugin
2026-06-12 14:08:00,384 [INFO] PluginManager:220 - loadIPPluginJar : add gpio
2026-06-12 14:08:00,386 [INFO] IPUIPlugin:80 - create IPUIPlugin
2026-06-12 14:08:00,387 [INFO] PluginManager:220 - loadIPPluginJar : add gtzc
2026-06-12 14:08:00,388 [INFO] IPUIPlugin:80 - create IPUIPlugin
2026-06-12 14:08:00,388 [INFO] PluginManager:220 - loadIPPluginJar : add hash
2026-06-12 14:08:00,391 [INFO] IPUIPlugin:80 - create IPUIPlugin
2026-06-12 14:08:00,391 [INFO] PluginManager:220 - loadIPPluginJar : add i2c
2026-06-12 14:08:00,394 [INFO] IPUIPlugin:80 - create IPUIPlugin
2026-06-12 14:08:00,394 [INFO] PluginManager:220 - loadIPPluginJar : add i2s
2026-06-12 14:08:00,396 [INFO] IPUIPlugin:80 - create IPUIPlugin
2026-06-12 14:08:00,396 [INFO] PluginManager:220 - loadIPPluginJar : add i3c
2026-06-12 14:08:00,398 [INFO] IPUIPlugin:80 - create IPUIPlugin
2026-06-12 14:08:00,398 [INFO] PluginManager:220 - loadIPPluginJar : add ipddr
2026-06-12 14:08:00,404 [INFO] IPUIPlugin:80 - create IPUIPlugin
2026-06-12 14:08:00,405 [INFO] PluginManager:220 - loadIPPluginJar : add linkedlist
2026-06-12 14:08:00,407 [INFO] IPUIPlugin:80 - create IPUIPlugin
2026-06-12 14:08:00,409 [INFO] PluginManager:220 - loadIPPluginJar : add lorawan
2026-06-12 14:08:00,410 [INFO] IPUIPlugin:80 - create IPUIPlugin
2026-06-12 14:08:00,410 [INFO] PluginManager:220 - loadIPPluginJar : add ltdc
2026-06-12 14:08:00,415 [INFO] IPUIPlugin:80 - create IPUIPlugin
2026-06-12 14:08:00,415 [INFO] PluginManager:220 - loadIPPluginJar : add mdma
2026-06-12 14:08:00,418 [INFO] IPUIPlugin:80 - create IPUIPlugin
2026-06-12 14:08:00,418 [INFO] PluginManager:220 - loadIPPluginJar : add nvic
2026-06-12 14:08:00,420 [INFO] IPUIPlugin:80 - create IPUIPlugin
2026-06-12 14:08:00,420 [INFO] PluginManager:220 - loadIPPluginJar : add opamp
2026-06-12 14:08:00,423 [INFO] IPUIPlugin:80 - create IPUIPlugin
2026-06-12 14:08:00,423 [INFO] PluginManager:220 - loadIPPluginJar : add openamp
2026-06-12 14:08:00,427 [INFO] IPUIPlugin:80 - create IPUIPlugin
2026-06-12 14:08:00,427 [INFO] PluginManager:220 - loadIPPluginJar : add pdm2pcm
2026-06-12 14:08:00,431 [INFO] IPUIPlugin:80 - create IPUIPlugin
2026-06-12 14:08:00,433 [INFO] PluginManager:220 - loadIPPluginJar : add plateformsettings
2026-06-12 14:08:00,434 [INFO] IPUIPlugin:80 - create IPUIPlugin
2026-06-12 14:08:00,435 [INFO] PluginManager:220 - loadIPPluginJar : add quadspi
2026-06-12 14:08:00,437 [INFO] IPUIPlugin:80 - create IPUIPlugin
2026-06-12 14:08:00,437 [INFO] PluginManager:220 - loadIPPluginJar : add radio
2026-06-12 14:08:00,440 [INFO] IPUIPlugin:80 - create IPUIPlugin
2026-06-12 14:08:00,440 [INFO] PluginManager:220 - loadIPPluginJar : add resmgrutility
2026-06-12 14:08:00,444 [INFO] IPUIPlugin:80 - create IPUIPlugin
2026-06-12 14:08:00,444 [INFO] PluginManager:220 - loadIPPluginJar : add sai
2026-06-12 14:08:00,446 [INFO] IPUIPlugin:80 - create IPUIPlugin
2026-06-12 14:08:00,446 [INFO] PluginManager:220 - loadIPPluginJar : add spi
2026-06-12 14:08:00,452 [INFO] IPUIPlugin:80 - create IPUIPlugin
2026-06-12 14:08:00,452 [INFO] PluginManager:220 - loadIPPluginJar : add stm32_wpan
2026-06-12 14:08:00,453 [INFO] IPUIPlugin:80 - create IPUIPlugin
2026-06-12 14:08:00,453 [INFO] PluginManager:220 - loadIPPluginJar : add tim
2026-06-12 14:08:00,457 [INFO] IPUIPlugin:80 - create IPUIPlugin
2026-06-12 14:08:00,457 [INFO] PluginManager:220 - loadIPPluginJar : add touchsensing
2026-06-12 14:08:00,459 [INFO] IPUIPlugin:80 - create IPUIPlugin
2026-06-12 14:08:00,459 [INFO] PluginManager:220 - loadIPPluginJar : add tracer_emb
2026-06-12 14:08:00,460 [INFO] IPUIPlugin:80 - create IPUIPlugin
2026-06-12 14:08:00,460 [INFO] PluginManager:220 - loadIPPluginJar : add ts
2026-06-12 14:08:00,462 [INFO] IPUIPlugin:80 - create IPUIPlugin
2026-06-12 14:08:00,462 [INFO] PluginManager:220 - loadIPPluginJar : add tsc
2026-06-12 14:08:00,464 [INFO] IPUIPlugin:80 - create IPUIPlugin
2026-06-12 14:08:00,464 [INFO] PluginManager:220 - loadIPPluginJar : add ucpd
2026-06-12 14:08:00,467 [INFO] IPUIPlugin:80 - create IPUIPlugin
2026-06-12 14:08:00,467 [INFO] PluginManager:220 - loadIPPluginJar : add usart
2026-06-12 14:08:00,471 [INFO] IPUIPlugin:80 - create IPUIPlugin
2026-06-12 14:08:00,471 [INFO] PluginManager:220 - loadIPPluginJar : add usbx
2026-06-12 14:08:00,590 [FATAL] Updater:351 - Updater called before beeing initialized
2026-06-12 14:08:00,614 [INFO] RulesReader:64 - Compatibility file has been processed (317 Rules)
2026-06-12 14:08:00,623 [INFO] RulesReader:64 - Compatibility file has been processed (317 Rules)
2026-06-12 14:08:00,632 [INFO] CADModel:165 - CPN selected for project level
2026-06-12 14:08:00,632 [INFO] CADModel:114 - Register for checkConnection events
2026-06-12 14:08:00,634 [FATAL] Updater:351 - Updater called before beeing initialized
2026-06-12 14:08:00,634 [ERROR] CADModel:125 - Updater not yet initialized, retry later 
2026-06-12 14:08:00,776 [FATAL] Updater:351 - Updater called before beeing initialized
2026-06-12 14:08:00,777 [INFO] CADModel:165 - CPN selected for project level
2026-06-12 14:08:00,778 [INFO] CADModel:114 - Register for checkConnection events
2026-06-12 14:08:00,778 [FATAL] Updater:351 - Updater called before beeing initialized
2026-06-12 14:08:00,778 [ERROR] CADModel:125 - Updater not yet initialized, retry later 
2026-06-12 14:08:00,781 [FATAL] Updater:351 - Updater called before beeing initialized
2026-06-12 14:08:00,888 [FATAL] Updater:351 - Updater called before beeing initialized
2026-06-12 14:08:00,891 [INFO] DbMcusAds:53 - JSON generation date=Mon Apr 27 13:44:29 IST 2026 (1777277669924)
2026-06-12 14:08:00,891 [FATAL] Updater:351 - Updater called before beeing initialized
2026-06-12 14:08:00,927 [WARN] DetailPanel:346 - Failed to get advertising image, set to default
2026-06-12 14:08:00,991 [FATAL] Updater:351 - Updater called before beeing initialized
2026-06-12 14:08:00,993 [FATAL] Updater:351 - Updater called before beeing initialized
2026-06-12 14:08:00,993 [FATAL] Updater:351 - Updater called before beeing initialized
2026-06-12 14:08:00,994 [WARN] DetailPanel:346 - Failed to get advertising image, set to default
2026-06-12 14:08:00,994 [FATAL] Updater:351 - Updater called before beeing initialized
2026-06-12 14:08:01,037 [ERROR] Updater:1198 - MainUpdater not yet initialized. External WinMGr cannot be set.
2026-06-12 14:08:01,039 [INFO] Updater:1134 - Updater Version found : 6.15.0
2026-06-12 14:08:01,056 [INFO] ApplicationProperties:184 - Using Application install path: C:\ST\STM32CubeIDE_1.19.0\STM32CubeIDE\plugins\com.st.stm32cube.common.mx_6.15.0.202507011659
2026-06-12 14:08:02,635 [ERROR] LogOutputStream:75 - [STDERR_REDIRECT] Jun 12, 2026 2:08:02 PM java.util.prefs.WindowsPreferences <init>
2026-06-12 14:08:02,636 [ERROR] LogOutputStream:75 - [STDERR_REDIRECT] WARNING: Could not open/create prefs root node Software\JavaSoft\Prefs at root 0xffffffff80000002. Windows RegCreateKeyEx(...) returned error code 5.
2026-06-12 14:08:02,636 [ERROR] LogOutputStream:75 - [STDERR_REDIRECT] 
2026-06-12 14:08:02,814 [INFO] ThirdPartyUpdaterWithRetryManager:70 - Updater plugin not ready yet. [2/15]
2026-06-12 14:08:02,987 [INFO] MainUpdater:2872 - connection check result : 10
2026-06-12 14:08:02,987 [INFO] MainUpdater:3604 - Updater definition file requires update
2026-06-12 14:08:02,988 [INFO] MainUpdater:289 - Updater Check For Update Now.
2026-06-12 14:08:02,988 [INFO] MicroXplorer:498 - Change Database Version : DB.6.0.150
2026-06-12 14:08:02,995 [INFO] McuFinderGlobals:63 - Set McuFinder mode to 2 (CubeIDE integrated)
2026-06-12 14:08:02,995 [INFO] UserAuth:487 - Internet connection configuration mode: 1
2026-06-12 14:08:03,017 [INFO] JxBrowserEngine:152 - Initiate JxBrowser Engine with user profile folder
2026-06-12 14:08:03,031 [INFO] ServerAccessManage:452 - Complete download http(s) 200
2026-06-12 14:08:03,032 [INFO] ServerAccessManage:509 - Download File updaters.zip
2026-06-12 14:08:03,319 [INFO] FileExtend:248 - Unzip File : updaters.zip
2026-06-12 14:08:03,320 [INFO] FileExtend:263 - Standard Zip Deflate
2026-06-12 14:08:03,666 [INFO] ServerAccessManage:452 - Complete download http(s) 200
2026-06-12 14:08:03,666 [INFO] ServerAccessManage:509 - Download File PacksControlFlags.xml
2026-06-12 14:08:03,759 [INFO] ServerAccessManage:452 - Complete download http(s) 200
2026-06-12 14:08:03,759 [INFO] ServerAccessManage:509 - Download File cubemx.pidx
2026-06-12 14:08:04,556 [INFO] ServerAccessManage:452 - Complete download http(s) 200
2026-06-12 14:08:04,556 [INFO] ServerAccessManage:509 - Download File STMicroelectronics.X-CUBE-NFC13.pdsc
2026-06-12 14:08:04,680 [INFO] WebApp:169 - Instantiating new browser for Auth
2026-06-12 14:08:04,894 [INFO] ServerAccessManage:452 - Complete download http(s) 200
2026-06-12 14:08:04,894 [INFO] ServerAccessManage:509 - Download File STMicroelectronics.X-CUBE-SMBUS.pdsc
2026-06-12 14:08:05,378 [INFO] WebApp:463 - Apply proxy settings
2026-06-12 14:08:05,379 [INFO] WebApp:548 - Chromium requires no authentication
2026-06-12 14:08:05,389 [INFO] WebApp:491 - Direct internet connection detected
2026-06-12 14:08:05,412 [INFO] WebApp:900 - Register for checkConnection events
2026-06-12 14:08:05,413 [INFO] WebApp:463 - Apply proxy settings
2026-06-12 14:08:05,413 [INFO] WebApp:548 - Chromium requires no authentication
2026-06-12 14:08:05,413 [INFO] WebApp:491 - Direct internet connection detected
2026-06-12 14:08:05,560 [ERROR] ServerAccessManage:1212 - Problem, file not found on Server
2026-06-12 14:08:05,596 [INFO] WebApp:225 - Starting web application
2026-06-12 14:08:05,597 [INFO] WebApp:593 - Web application path used C:\ST\STM32CubeIDE_1.19.0\STM32CubeIDE\plugins\com.st.stm32cube.common.mx_6.15.0.202507011659\db\plugins\mcufinder\reactClient1\index.html
2026-06-12 14:08:05,696 [INFO] WebApp:191 - Connection restablished
2026-06-12 14:08:05,815 [WARN] MainUpdater:1193 - Updater busy. Cannot search thirdparties
2026-06-12 14:08:05,815 [INFO] ThirdPartyUpdaterWithRetryManager:96 - Updater plugin is busy. [1/15]
2026-06-12 14:08:06,066 [INFO] UserAuth:487 - Internet connection configuration mode: 1
2026-06-12 14:08:06,128 [WARN] PackLoader:240 - Cannot read IP mode file for STMicroelectronics.X-CUBE-NFC13.1.0.0
2026-06-12 14:08:06,147 [WARN] PopulateThirdPartyThread:106 - Error when creating pack: C:/Users/Rudra/.stm32cubemx/thirdparties/pdsc/STMicroelectronics.X-CUBE-SMBUS.pdsc
2026-06-12 14:08:06,147 [INFO] PopulateThirdPartyThread:66 - Ending populate Thread
2026-06-12 14:08:06,149 [INFO] ThirdParty:1030 - CMSIS Pack Vendor :STMicroelectronics X-CUBE-NFC13 1.0.0
2026-06-12 14:08:06,149 [INFO] LoadServerUpdatesThread:375 - End of LoadServerUpdate Thread
2026-06-12 14:08:06,207 [INFO] CheckServerUpdateThread:120 - End of CheckServer Thread
2026-06-12 14:08:06,355 [ERROR] LogOutputStream:75 - [STDERR_REDIRECT] [Fatal Error] :1:1: Premature end of file.
2026-06-12 14:08:06,356 [ERROR] LogOutputStream:75 - [STDERR_REDIRECT] 
2026-06-12 14:08:07,151 [ERROR] LogOutputStream:75 - [STDERR_REDIRECT] [Fatal Error] :1:1: Premature end of file.
2026-06-12 14:08:07,152 [ERROR] LogOutputStream:75 - [STDERR_REDIRECT] 
2026-06-12 14:08:08,166 [ERROR] LogOutputStream:75 - [STDERR_REDIRECT] [Fatal Error] :1:1: Premature end of file.
2026-06-12 14:08:08,166 [ERROR] LogOutputStream:75 - [STDERR_REDIRECT] 
2026-06-12 14:08:09,077 [WARN] PackLoader:240 - Cannot read IP mode file for STMicroelectronics.X-CUBE-AZRTOS-H7.3.5.0
2026-06-12 14:08:09,088 [WARN] PackLoader:240 - Cannot read IP mode file for STMicroelectronics.FP-SNS-MOTENVWB1.1.4.0
2026-06-12 14:08:09,094 [WARN] PackLoader:240 - Cannot read IP mode file for STMicroelectronics.FP-ATR-ASTRA1.2.0.2
2026-06-12 14:08:09,097 [ERROR] Engine:466 - C:\Users\Rudra\.stm32cubemx\thirdparties\pdsc\STMicroelectronics.X-CUBE-SMBUS.2.1.1.pdsc: PDSC version is not supported
2026-06-12 14:08:09,102 [WARN] PackLoader:240 - Cannot read IP mode file for STMicroelectronics.X-CUBE-SMBUS.2.1.0
2026-06-12 14:08:09,115 [WARN] PackLoader:240 - Cannot read IP mode file for STMicroelectronics.X-CUBE-AZRTOS-F7.1.1.0
2026-06-12 14:08:09,126 [WARN] PackLoader:240 - Cannot read IP mode file for WES.I-CUBE-Cesium.1.4.0
2026-06-12 14:08:09,146 [WARN] PackLoader:240 - Cannot read IP mode file for STMicroelectronics.X-CUBE-AZRTOS-H7.3.4.0
2026-06-12 14:08:09,157 [WARN] PackLoader:240 - Cannot read IP mode file for STMicroelectronics.X-CUBE-DISPLAY.3.0.0
2026-06-12 14:08:09,161 [ERROR] LogOutputStream:75 - [STDERR_REDIRECT] [Fatal Error] :1:1: Premature end of file.
2026-06-12 14:08:09,161 [ERROR] LogOutputStream:75 - [STDERR_REDIRECT] 
2026-06-12 14:08:09,167 [WARN] PackLoader:240 - Cannot read IP mode file for STMicroelectronics.X-CUBE-GNSS1.7.1.1
2026-06-12 14:08:09,171 [WARN] PackLoader:240 - Cannot read IP mode file for STMicroelectronics.FP-SNS-MOTENVWB1.1.5.0
2026-06-12 14:08:09,176 [WARN] PackLoader:240 - Cannot read IP mode file for STMicroelectronics.X-CUBE-NFC10.1.0.0
2026-06-12 14:08:09,182 [WARN] PackLoader:240 - Cannot read IP mode file for emotas.I-CUBE-CANOPEN.1.3.0
2026-06-12 14:08:09,188 [WARN] PackLoader:240 - Cannot read IP mode file for STMicroelectronics.X-CUBE-GNSS1.7.1.0
2026-06-12 14:08:09,194 [WARN] PackLoader:240 - Cannot read IP mode file for STMicroelectronics.FP-SNS-SMARTAG2.1.2.0
2026-06-12 14:08:09,198 [WARN] PackLoader:240 - Cannot read IP mode file for STMicroelectronics.FP-SNS-FLIGHT1.5.1.0
2026-06-12 14:08:09,205 [INFO] LogOutputStream:77 - [STDOUT_REDIRECT] 1 : Invalid condition id : UX_CORESTACK_Condition cause : null
2026-06-12 14:08:09,205 [INFO] LogOutputStream:77 - [STDOUT_REDIRECT] 1 : Invalid condition id : UX_CORESTACK_Condition cause : null
2026-06-12 14:08:09,206 [INFO] LogOutputStream:77 - [STDOUT_REDIRECT] 1 : Invalid condition id : UX_CORESTACK_Condition cause : null
2026-06-12 14:08:09,207 [INFO] LogOutputStream:77 - [STDOUT_REDIRECT] 1 : Invalid condition id : UX_CORESTACK_Condition cause : null
2026-06-12 14:08:09,208 [INFO] LogOutputStream:77 - [STDOUT_REDIRECT] 1 : Invalid condition id : UX_CORESTACK_Condition cause : null
2026-06-12 14:08:09,210 [WARN] PackLoader:240 - Cannot read IP mode file for STMicroelectronics.X-CUBE-AZRTOS-WL.2.0.0
2026-06-12 14:08:09,217 [WARN] PackLoader:240 - Cannot read IP mode file for STMicroelectronics.X-CUBE-BLE2.3.3.0
2026-06-12 14:08:09,246 [WARN] PackLoader:240 - Cannot read IP mode file for Infineon.AIROC-Wi-Fi-Bluetooth-STM32.1.8.0
2026-06-12 14:08:09,256 [WARN] PackLoader:240 - Cannot read IP mode file for STMicroelectronics.X-CUBE-NFC9.1.0.0
2026-06-12 14:08:09,262 [WARN] PackLoader:240 - Cannot read IP mode file for STMicroelectronics.X-CUBE-BLE1.7.1.0
2026-06-12 14:08:09,268 [WARN] PackLoader:240 - Cannot read IP mode file for STMicroelectronics.X-CUBE-FREERTOS.1.4.0
2026-06-12 14:08:09,274 [WARN] PackLoader:240 - Cannot read IP mode file for Cesanta.I-CUBE-Mongoose.7.20.0
2026-06-12 14:08:09,280 [WARN] PackLoader:240 - Cannot read IP mode file for STMicroelectronics.FP-SNS-STAIOTCFT.1.1.0
2026-06-12 14:08:09,310 [WARN] PackLoader:240 - Cannot read IP mode file for STMicroelectronics.X-CUBE-MEMS1.12.0.0
2026-06-12 14:08:09,390 [WARN] PackLoader:240 - Cannot read IP mode file for STMicroelectronics.X-CUBE-AZRTOS-G0.1.1.0
2026-06-12 14:08:09,399 [WARN] PackLoader:240 - Cannot read IP mode file for STMicroelectronics.X-CUBE-NFC4.3.0.0
2026-06-12 14:08:09,407 [WARN] PackLoader:240 - Cannot read IP mode file for EmbeddedOffice.I-CUBE-FS-RTOS.1.0.1
2026-06-12 14:08:09,412 [WARN] PackLoader:240 - Cannot read IP mode file for STMicroelectronics.X-CUBE-WB05N.2.0.0
2026-06-12 14:08:09,418 [WARN] PackLoader:240 - Cannot read IP mode file for wolfSSL.I-CUBE-wolfTPM.3.8.0
2026-06-12 14:08:09,433 [WARN] PackLoader:240 - Cannot read IP mode file for STMicroelectronics.X-CUBE-TCPP.4.2.0
2026-06-12 14:08:09,440 [WARN] PackLoader:240 - Cannot read IP mode file for RealThread.X-CUBE-RT-Thread_Nano.4.1.1
2026-06-12 14:08:09,445 [WARN] PackLoader:240 - Cannot read IP mode file for STMicroelectronics.FP-ATR-SIGFOX1.3.2.0
2026-06-12 14:08:09,452 [WARN] PackLoader:240 - Cannot read IP mode file for STMicroelectronics.X-CUBE-FREERTOS.1.5.0
2026-06-12 14:08:09,460 [WARN] PackLoader:240 - Cannot read IP mode file for ITTIA_DB.I-CUBE-ITTIADB.8.9.0
2026-06-12 14:08:09,467 [WARN] PackLoader:240 - Cannot read IP mode file for STMicroelectronics.X-CUBE-NFC6.3.2.0
2026-06-12 14:08:09,502 [WARN] PackLoader:240 - Cannot read IP mode file for STMicroelectronics.X-CUBE-MEMS1.12.1.0
2026-06-12 14:08:09,576 [WARN] PackLoader:240 - Cannot read IP mode file for SEGGER.I-CUBE-embOS.1.3.1
2026-06-12 14:08:09,614 [WARN] PackLoader:240 - Cannot read IP mode file for STMicroelectronics.X-CUBE-ALGOBUILD.1.4.0
2026-06-12 14:08:09,619 [WARN] PackLoader:240 - Cannot read IP mode file for STMicroelectronics.X-CUBE-NFC13.1.0.0
2026-06-12 14:08:09,625 [WARN] PackLoader:240 - Cannot read IP mode file for STMicroelectronics.X-CUBE-PM33A1.1.0.0
2026-06-12 14:08:09,639 [WARN] PackLoader:240 - Cannot read IP mode file for STMicroelectronics.X-CUBE-AZRTOS-F4.1.1.0
2026-06-12 14:08:09,646 [WARN] PackLoader:240 - Cannot read IP mode file for STMicroelectronics.X-CUBE-ISPU.2.1.0
2026-06-12 14:08:09,650 [WARN] PackLoader:240 - Cannot read IP mode file for STMicroelectronics.eDS-WB_DPC_TT-BIDIR.2.1.1
2026-06-12 14:08:09,662 [WARN] PackLoader:240 - Cannot read IP mode file for STMicroelectronics.X-CUBE-AZRTOS-L5.2.0.0
2026-06-12 14:08:09,671 [WARN] PackLoader:240 - Cannot read IP mode file for STMicroelectronics.X-CUBE-NFC6.3.1.0
2026-06-12 14:08:09,678 [WARN] PackLoader:240 - Cannot read IP mode file for STMicroelectronics.X-CUBE-ALGOBUILD.1.5.0
2026-06-12 14:08:09,683 [WARN] PackLoader:240 - Cannot read IP mode file for STMicroelectronics.eDS-WB_DPC_VIENNA.1.2.0
2026-06-12 14:08:09,687 [WARN] PackLoader:240 - Cannot read IP mode file for STMicroelectronics.eDS-WB_DPC_3PH2L-BIDIR.1.1.1
2026-06-12 14:08:09,691 [ERROR] Engine:466 - C:\Users\Rudra\.stm32cubemx\thirdparties\pdsc\STMicroelectronics.X-CUBE-ST67W61.1.3.0.pdsc: PDSC version is not supported
2026-06-12 14:08:09,696 [WARN] PackLoader:240 - Cannot read IP mode file for STMicroelectronics.X-CUBE-TOUCHGFX.4.26.0
2026-06-12 14:08:09,700 [WARN] PackLoader:240 - Cannot read IP mode file for STMicroelectronics.X-CUBE-TOUCHGFX.4.26.1
2026-06-12 14:08:09,705 [WARN] PackLoader:240 - Cannot read IP mode file for STMicroelectronics.FP-SNS-STAIOTCFT.1.0.0
2026-06-12 14:08:09,712 [WARN] PackLoader:240 - Cannot read IP mode file for STMicroelectronics.X-CUBE-DPower.1.3.0
2026-06-12 14:08:09,726 [WARN] ConditionMgr:438 - getConditionDescription Invalid condition id : LAN8742 Phy interface Condition cause : null
2026-06-12 14:08:09,726 [WARN] PackLoader:240 - Cannot read IP mode file for STMicroelectronics.X-CUBE-AZRTOS-L4.2.0.0
2026-06-12 14:08:09,727 [WARN] ConditionMgr:1044 - genDependencies : Invalid condition id : LAN8742 Phy interface Condition cause : null
2026-06-12 14:08:09,727 [WARN] ConditionMgr:1044 - genDependencies : Invalid condition id : LAN8742 Phy interface Condition cause : null
2026-06-12 14:08:09,728 [WARN] ConditionMgr:1044 - genDependencies : Invalid condition id : LAN8742 Phy interface Condition cause : null
2026-06-12 14:08:09,735 [WARN] PackLoader:240 - Cannot read IP mode file for STMicroelectronics.X-CUBE-SFXS2LP1.4.0.0
2026-06-12 14:08:09,741 [WARN] PackLoader:240 - Cannot read IP mode file for STMicroelectronics.X-CUBE-WB05N.2.1.0
2026-06-12 14:08:09,749 [WARN] PackLoader:240 - Cannot read IP mode file for STMicroelectronics.X-CUBE-ST67W61.1.2.0
2026-06-12 14:08:09,759 [WARN] ConditionMgr:438 - getConditionDescription Invalid condition id : UX DEVICE CLASS RTOS Condition cause : null
2026-06-12 14:08:09,759 [WARN] ConditionMgr:438 - getConditionDescription Invalid condition id : UX DEVICE CLASS RTOS Condition cause : null
2026-06-12 14:08:09,760 [WARN] PackLoader:240 - Cannot read IP mode file for STMicroelectronics.X-CUBE-AZRTOS-WB.2.0.0
2026-06-12 14:08:09,760 [WARN] ConditionMgr:1044 - genDependencies : Invalid condition id : UX DEVICE CLASS RTOS Condition cause : null
2026-06-12 14:08:09,760 [WARN] ConditionMgr:1044 - genDependencies : Invalid condition id : UX DEVICE CLASS RTOS Condition cause : null
2026-06-12 14:08:09,762 [WARN] ConditionMgr:1044 - genDependencies : Invalid condition id : UX DEVICE CLASS RTOS Condition cause : null
2026-06-12 14:08:09,762 [WARN] ConditionMgr:1044 - genDependencies : Invalid condition id : UX DEVICE CLASS RTOS Condition cause : null
2026-06-12 14:08:09,762 [WARN] ConditionMgr:1044 - genDependencies : Invalid condition id : UX DEVICE CLASS RTOS Condition cause : null
2026-06-12 14:08:09,769 [WARN] ConditionMgr:438 - getConditionDescription Invalid condition id : Cortex-A Device cause : null
2026-06-12 14:08:09,776 [WARN] ConditionMgr:1044 - genDependencies : Invalid condition id : Cortex-A Device cause : null
2026-06-12 14:08:09,776 [WARN] ConditionMgr:1044 - genDependencies : Invalid condition id : Cortex-A Device cause : null
2026-06-12 14:08:09,776 [WARN] ConditionMgr:1044 - genDependencies : Invalid condition id : Cortex-A Device cause : null
2026-06-12 14:08:09,784 [WARN] PackLoader:240 - Cannot read IP mode file for STMicroelectronics.X-CUBE-STSE01.2.0.0
2026-06-12 14:08:09,794 [WARN] PackLoader:240 - Cannot read IP mode file for STMicroelectronics.X-CUBE-SUBG2.5.0.0
2026-06-12 14:08:09,810 [WARN] PackLoader:240 - Cannot read IP mode file for STMicroelectronics.X-CUBE-AZRTOS-G4.2.0.0
2026-06-12 14:08:09,817 [WARN] PackLoader:240 - Cannot read IP mode file for wolfSSL.I-CUBE-wolfSSH.1.4.20
2026-06-12 14:08:09,825 [WARN] PackLoader:240 - Cannot read IP mode file for STMicroelectronics.X-CUBE-NFC7.2.0.0
2026-06-12 14:08:09,832 [WARN] PackLoader:240 - Cannot read IP mode file for STMicroelectronics.X-CUBE-ALS.1.0.2
2026-06-12 14:08:09,839 [WARN] PackLoader:240 - Cannot read IP mode file for STMicroelectronics.X-CUBE-STSE01.1.0.0
2026-06-12 14:08:09,849 [WARN] PackLoader:240 - Cannot read IP mode file for STMicroelectronics.X-CUBE-TOF1.3.4.3
2026-06-12 14:08:09,859 [INFO] ThirdParty:978 - Integrity check success = true
2026-06-12 14:08:09,859 [INFO] IntegrityCheckThread:100 - exiting critical section [integrity check]
2026-06-12 14:08:09,859 [INFO] IntegrityCheckThread:103 - End integrity checks thread
2026-06-12 14:08:10,152 [ERROR] LogOutputStream:75 - [STDERR_REDIRECT] [Fatal Error] :1:1: Premature end of file.
2026-06-12 14:08:10,152 [ERROR] LogOutputStream:75 - [STDERR_REDIRECT] 
2026-06-12 14:08:11,152 [ERROR] LogOutputStream:75 - [STDERR_REDIRECT] [Fatal Error] :1:1: Premature end of file.
2026-06-12 14:08:11,152 [ERROR] LogOutputStream:75 - [STDERR_REDIRECT] 
2026-06-12 14:08:12,151 [ERROR] LogOutputStream:75 - [STDERR_REDIRECT] [Fatal Error] :1:1: Premature end of file.
2026-06-12 14:08:12,151 [ERROR] LogOutputStream:75 - [STDERR_REDIRECT] 
2026-06-12 14:08:13,153 [ERROR] LogOutputStream:75 - [STDERR_REDIRECT] [Fatal Error] :1:1: Premature end of file.
2026-06-12 14:08:13,153 [ERROR] LogOutputStream:75 - [STDERR_REDIRECT] 
2026-06-12 14:08:14,151 [ERROR] LogOutputStream:75 - [STDERR_REDIRECT] [Fatal Error] :1:1: Premature end of file.
2026-06-12 14:08:14,151 [ERROR] LogOutputStream:75 - [STDERR_REDIRECT] 
2026-06-12 14:08:15,169 [ERROR] LogOutputStream:75 - [STDERR_REDIRECT] [Fatal Error] :1:1: Premature end of file.
2026-06-12 14:08:15,170 [ERROR] LogOutputStream:75 - [STDERR_REDIRECT] 
2026-06-12 14:08:16,149 [ERROR] LogOutputStream:75 - [STDERR_REDIRECT] [Fatal Error] :1:1: Premature end of file.
2026-06-12 14:08:16,149 [ERROR] LogOutputStream:75 - [STDERR_REDIRECT] 
2026-06-12 14:08:17,148 [ERROR] LogOutputStream:75 - [STDERR_REDIRECT] [Fatal Error] :1:1: Premature end of file.
2026-06-12 14:08:17,149 [ERROR] LogOutputStream:75 - [STDERR_REDIRECT] 
2026-06-12 14:08:18,148 [ERROR] LogOutputStream:75 - [STDERR_REDIRECT] [Fatal Error] :1:1: Premature end of file.
2026-06-12 14:08:18,148 [ERROR] LogOutputStream:75 - [STDERR_REDIRECT] 
2026-06-12 14:08:19,150 [ERROR] LogOutputStream:75 - [STDERR_REDIRECT] [Fatal Error] :1:1: Premature end of file.
2026-06-12 14:08:19,150 [ERROR] LogOutputStream:75 - [STDERR_REDIRECT] 
2026-06-12 14:08:20,151 [ERROR] LogOutputStream:75 - [STDERR_REDIRECT] [Fatal Error] :1:1: Premature end of file.
2026-06-12 14:08:20,151 [ERROR] LogOutputStream:75 - [STDERR_REDIRECT] 
2026-06-12 14:08:21,151 [ERROR] LogOutputStream:75 - [STDERR_REDIRECT] [Fatal Error] :1:1: Premature end of file.
2026-06-12 14:08:21,151 [ERROR] LogOutputStream:75 - [STDERR_REDIRECT] 
2026-06-12 14:08:22,149 [ERROR] LogOutputStream:75 - [STDERR_REDIRECT] [Fatal Error] :1:1: Premature end of file.
2026-06-12 14:08:22,149 [ERROR] LogOutputStream:75 - [STDERR_REDIRECT] 
2026-06-12 14:08:23,150 [ERROR] LogOutputStream:75 - [STDERR_REDIRECT] [Fatal Error] :1:1: Premature end of file.
2026-06-12 14:08:23,150 [ERROR] LogOutputStream:75 - [STDERR_REDIRECT] 
2026-06-12 14:08:24,149 [ERROR] LogOutputStream:75 - [STDERR_REDIRECT] [Fatal Error] :1:1: Premature end of file.
2026-06-12 14:08:24,149 [ERROR] LogOutputStream:75 - [STDERR_REDIRECT] 
2026-06-12 14:08:25,148 [ERROR] LogOutputStream:75 - [STDERR_REDIRECT] [Fatal Error] :1:1: Premature end of file.
2026-06-12 14:08:25,148 [ERROR] LogOutputStream:75 - [STDERR_REDIRECT] 
2026-06-12 14:08:26,149 [ERROR] LogOutputStream:75 - [STDERR_REDIRECT] [Fatal Error] :1:1: Premature end of file.
2026-06-12 14:08:26,149 [ERROR] LogOutputStream:75 - [STDERR_REDIRECT] 
2026-06-12 14:08:27,151 [ERROR] LogOutputStream:75 - [STDERR_REDIRECT] [Fatal Error] :1:1: Premature end of file.
2026-06-12 14:08:27,151 [ERROR] LogOutputStream:75 - [STDERR_REDIRECT] 
2026-06-12 14:08:28,153 [ERROR] LogOutputStream:75 - [STDERR_REDIRECT] [Fatal Error] :1:1: Premature end of file.
2026-06-12 14:08:28,153 [ERROR] LogOutputStream:75 - [STDERR_REDIRECT] 
2026-06-12 14:08:29,152 [ERROR] LogOutputStream:75 - [STDERR_REDIRECT] [Fatal Error] :1:1: Premature end of file.
2026-06-12 14:08:29,152 [ERROR] LogOutputStream:75 - [STDERR_REDIRECT] 
2026-06-12 14:08:30,150 [ERROR] LogOutputStream:75 - [STDERR_REDIRECT] [Fatal Error] :1:1: Premature end of file.
2026-06-12 14:08:30,150 [ERROR] LogOutputStream:75 - [STDERR_REDIRECT] 
2026-06-12 14:08:31,157 [ERROR] LogOutputStream:75 - [STDERR_REDIRECT] [Fatal Error] :1:1: Premature end of file.
2026-06-12 14:08:31,157 [ERROR] LogOutputStream:75 - [STDERR_REDIRECT] 
2026-06-12 14:08:32,150 [ERROR] LogOutputStream:75 - [STDERR_REDIRECT] [Fatal Error] :1:1: Premature end of file.
2026-06-12 14:08:32,150 [ERROR] LogOutputStream:75 - [STDERR_REDIRECT] 
2026-06-12 14:08:33,152 [ERROR] LogOutputStream:75 - [STDERR_REDIRECT] [Fatal Error] :1:1: Premature end of file.
2026-06-12 14:08:33,152 [ERROR] LogOutputStream:75 - [STDERR_REDIRECT] 
2026-06-12 14:08:34,151 [ERROR] LogOutputStream:75 - [STDERR_REDIRECT] [Fatal Error] :1:1: Premature end of file.
2026-06-12 14:08:34,151 [ERROR] LogOutputStream:75 - [STDERR_REDIRECT] 
2026-06-12 14:08:35,152 [ERROR] LogOutputStream:75 - [STDERR_REDIRECT] [Fatal Error] :1:1: Premature end of file.
2026-06-12 14:08:35,152 [ERROR] LogOutputStream:75 - [STDERR_REDIRECT] 
2026-06-12 14:08:36,151 [ERROR] LogOutputStream:75 - [STDERR_REDIRECT] [Fatal Error] :1:1: Premature end of file.
2026-06-12 14:08:36,151 [ERROR] LogOutputStream:75 - [STDERR_REDIRECT] 
2026-06-12 14:08:37,157 [ERROR] LogOutputStream:75 - [STDERR_REDIRECT] [Fatal Error] :1:1: Premature end of file.
2026-06-12 14:08:37,157 [ERROR] LogOutputStream:75 - [STDERR_REDIRECT] 
2026-06-12 14:08:38,151 [ERROR] LogOutputStream:75 - [STDERR_REDIRECT] [Fatal Error] :1:1: Premature end of file.
2026-06-12 14:08:38,152 [ERROR] LogOutputStream:75 - [STDERR_REDIRECT] 
2026-06-12 14:08:39,152 [ERROR] LogOutputStream:75 - [STDERR_REDIRECT] [Fatal Error] :1:1: Premature end of file.
2026-06-12 14:08:39,152 [ERROR] LogOutputStream:75 - [STDERR_REDIRECT] 
2026-06-12 14:08:40,150 [ERROR] LogOutputStream:75 - [STDERR_REDIRECT] [Fatal Error] :1:1: Premature end of file.
2026-06-12 14:08:40,150 [ERROR] LogOutputStream:75 - [STDERR_REDIRECT] 
2026-06-12 14:08:41,151 [ERROR] LogOutputStream:75 - [STDERR_REDIRECT] [Fatal Error] :1:1: Premature end of file.
2026-06-12 14:08:41,151 [ERROR] LogOutputStream:75 - [STDERR_REDIRECT] 
2026-06-12 14:08:42,155 [ERROR] LogOutputStream:75 - [STDERR_REDIRECT] [Fatal Error] :1:1: Premature end of file.
2026-06-12 14:08:42,155 [ERROR] LogOutputStream:75 - [STDERR_REDIRECT] 
2026-06-12 14:08:43,151 [ERROR] LogOutputStream:75 - [STDERR_REDIRECT] [Fatal Error] :1:1: Premature end of file.
2026-06-12 14:08:43,151 [ERROR] LogOutputStream:75 - [STDERR_REDIRECT] 
2026-06-12 14:08:44,150 [ERROR] LogOutputStream:75 - [STDERR_REDIRECT] [Fatal Error] :1:1: Premature end of file.
2026-06-12 14:08:44,150 [ERROR] LogOutputStream:75 - [STDERR_REDIRECT] 
2026-06-12 14:08:45,152 [ERROR] LogOutputStream:75 - [STDERR_REDIRECT] [Fatal Error] :1:1: Premature end of file.
2026-06-12 14:08:45,152 [ERROR] LogOutputStream:75 - [STDERR_REDIRECT] 
2026-06-12 14:08:46,152 [ERROR] LogOutputStream:75 - [STDERR_REDIRECT] [Fatal Error] :1:1: Premature end of file.
2026-06-12 14:08:46,152 [ERROR] LogOutputStream:75 - [STDERR_REDIRECT] 
2026-06-12 14:08:47,153 [ERROR] LogOutputStream:75 - [STDERR_REDIRECT] [Fatal Error] :1:1: Premature end of file.
2026-06-12 14:08:47,153 [ERROR] LogOutputStream:75 - [STDERR_REDIRECT] 
2026-06-12 14:08:48,150 [ERROR] LogOutputStream:75 - [STDERR_REDIRECT] [Fatal Error] :1:1: Premature end of file.
2026-06-12 14:08:48,150 [ERROR] LogOutputStream:75 - [STDERR_REDIRECT] 
2026-06-12 14:08:49,154 [ERROR] LogOutputStream:75 - [STDERR_REDIRECT] [Fatal Error] :1:1: Premature end of file.
2026-06-12 14:08:49,155 [ERROR] LogOutputStream:75 - [STDERR_REDIRECT] 
2026-06-12 14:08:50,153 [ERROR] LogOutputStream:75 - [STDERR_REDIRECT] [Fatal Error] :1:1: Premature end of file.
2026-06-12 14:08:50,153 [ERROR] LogOutputStream:75 - [STDERR_REDIRECT] 
2026-06-12 14:08:51,160 [ERROR] LogOutputStream:75 - [STDERR_REDIRECT] [Fatal Error] :1:1: Premature end of file.
2026-06-12 14:08:51,160 [ERROR] LogOutputStream:75 - [STDERR_REDIRECT] 
2026-06-12 14:08:51,920 [ERROR] LogOutputStream:75 - [STDERR_REDIRECT] 
